mode: atomic
github.com/bortizf/microservice-app-example/tree/master/auth-api/handlers.go:21.64,22.34 1 3
github.com/bortizf/microservice-app-example/tree/master/auth-api/handlers.go:22.34,25.54 3 3
github.com/bortizf/microservice-app-example/tree/master/auth-api/handlers.go:25.54,28.4 2 1
github.com/bortizf/microservice-app-example/tree/master/auth-api/handlers.go:30.3,32.17 3 2
github.com/bortizf/microservice-app-example/tree/master/auth-api/handlers.go:32.17,33.34 1 1
github.com/bortizf/microservice-app-example/tree/master/auth-api/handlers.go:33.34,36.5 2 0
github.com/bortizf/microservice-app-example/tree/master/auth-api/handlers.go:38.4,38.30 1 1
github.com/bortizf/microservice-app-example/tree/master/auth-api/handlers.go:40.3,52.17 9 1
github.com/bortizf/microservice-app-example/tree/master/auth-api/handlers.go:52.17,55.4 2 0
github.com/bortizf/microservice-app-example/tree/master/auth-api/handlers.go:57.3,59.5 1 1
github.com/bortizf/microservice-app-example/tree/master/auth-api/handlers.go:62.2,62.28 1 3
github.com/bortizf/microservice-app-example/tree/master/auth-api/user.go:36.91,38.16 2 5
github.com/bortizf/microservice-app-example/tree/master/auth-api/user.go:38.16,40.3 1 1
github.com/bortizf/microservice-app-example/tree/master/auth-api/user.go:42.2,44.48 2 4
github.com/bortizf/microservice-app-example/tree/master/auth-api/user.go:44.48,46.3 1 2
github.com/bortizf/microservice-app-example/tree/master/auth-api/user.go:48.2,48.18 1 2
github.com/bortizf/microservice-app-example/tree/master/auth-api/user.go:51.83,55.16 3 5
github.com/bortizf/microservice-app-example/tree/master/auth-api/user.go:55.16,57.3 1 0
github.com/bortizf/microservice-app-example/tree/master/auth-api/user.go:58.2,65.16 6 5
github.com/bortizf/microservice-app-example/tree/master/auth-api/user.go:65.16,67.3 1 0
github.com/bortizf/microservice-app-example/tree/master/auth-api/user.go:69.2,71.16 3 5
github.com/bortizf/microservice-app-example/tree/master/auth-api/user.go:71.16,73.3 1 0
github.com/bortizf/microservice-app-example/tree/master/auth-api/user.go:75.2,75.53 1 5
github.com/bortizf/microservice-app-example/tree/master/auth-api/user.go:75.53,77.3 1 1
github.com/bortizf/microservice-app-example/tree/master/auth-api/user.go:79.2,81.18 2 4
github.com/bortizf/microservice-app-example/tree/master/auth-api/user.go:84.72,90.2 5 6
